###############################################################################
#
# IAR ELF Linker V3.10.1.201 for STM8                     22/Mar/2019  11:26:16
# Copyright 2010-2017 IAR Systems AB.
#
#    Output file  =  
#        G:\Darren\MCU\STM8\Software\Project\Demo(STM8L15x)\Debug\Exe\Demo.out
#    Map file     =  
#        G:\Darren\MCU\STM8\Software\Project\Demo(STM8L15x)\Debug\List\Demo.map
#    Command line =  
#        -f C:\Users\new06\AppData\Local\Temp\EW9B57.tmp
#        ("G:\Darren\MCU\STM8\Software\Project\Demo(STM8L15x)\Debug\Obj\crc.o"
#        "G:\Darren\MCU\STM8\Software\Project\Demo(STM8L15x)\Debug\Obj\hal_uart.o"
#        "G:\Darren\MCU\STM8\Software\Project\Demo(STM8L15x)\Debug\Obj\main.o"
#        "G:\Darren\MCU\STM8\Software\Project\Demo(STM8L15x)\Debug\Obj\stm8l15x_clk.o"
#        "G:\Darren\MCU\STM8\Software\Project\Demo(STM8L15x)\Debug\Obj\stm8l15x_gpio.o"
#        "G:\Darren\MCU\STM8\Software\Project\Demo(STM8L15x)\Debug\Obj\stm8l15x_it.o"
#        "G:\Darren\MCU\STM8\Software\Project\Demo(STM8L15x)\Debug\Obj\stm8l15x_tim4.o"
#        "G:\Darren\MCU\STM8\Software\Project\Demo(STM8L15x)\Debug\Obj\stm8l15x_usart.o"
#        --redirect _Printf=_PrintfFullNoMb --redirect _Scanf=_ScanfFullNoMb -o
#        "G:\Darren\MCU\STM8\Software\Project\Demo(STM8L15x)\Debug\Exe\Demo.out"
#        --map
#        "G:\Darren\MCU\STM8\Software\Project\Demo(STM8L15x)\Debug\List\Demo.map"
#        --config "D:\Program Files (x86)\IAR Systems\Embedded Workbench
#        8.0\stm8\config\lnkstm8s207cb.icf" --config_def _CSTACK_SIZE=0x100
#        --config_def _HEAP_SIZE=0x100 --entry __iar_program_start --debug_lib)
#
###############################################################################

*******************************************************************************
*** RUNTIME MODEL ATTRIBUTES
***

__SystemLibrary            = DLib
__code_model               = small
__core                     = stm8
__data_model               = medium
__dlib_file_descriptor     = 0
__dlib_full_locale_support = 0
__rt_version               = 4


*******************************************************************************
*** PLACEMENT SUMMARY
***

"A0":  place at start of [0x000000-0x0000ff] { rw section .vregs };
"A1":  place at end of [0x000000-0x0017ff] { block CSTACK };
"P2":  place in [from 0x000000 to 0x0017ff] {
          block HEAP, rw section __DLIB_PERTHREAD, rw section .far.bss,
          rw section .far.data, rw section .far.noinit,
          rw section .far_func.textrw, rw section .huge.bss,
          rw section .huge.data, rw section .huge.noinit,
          rw section .huge_func.textrw, rw section .iar.dynexit,
          rw section .near.bss, rw section .near.data, rw section .near.noinit,
          rw section .near_func.textrw };
"A2":  place at start of [0x008000-0x00ffff] { block INTVEC };
"P3":  place in [from 0x008000 to 0x00ffff] {
          ro section __DLIB_PERTHREAD_init, ro section .far.data_init,
          ro section .far_func.textrw_init, ro section .huge.data_init,
          ro section .huge_func.textrw_init, ro section .iar.init_table,
          ro section .init_array, ro section .near.data_init,
          ro section .near.rodata, ro section .near_func.text,
          ro section .near_func.textrw_init, ro section .tiny.data_init,
          ro section .tiny.rodata_init };
do not initialize {
   rw section .eeprom.noinit, rw section .far.noinit, rw section .huge.noinit,
   rw section .near.noinit, rw section .tiny.noinit, rw section .vregs };
initialize by copy {
   rw section .far.bss, rw section .far.data, rw section .far_func.textrw,
   rw section .huge.bss, rw section .huge.data, rw section .huge_func.textrw,
   rw section .iar.dynexit, rw section .near.bss, rw section .near.data,
   rw section .near_func.textrw, rw section .tiny.bss, rw section .tiny.data,
   ro section .tiny.rodata };

  Section            Kind      Address   Size  Object
  -------            ----      -------   ----  ------
"A0":                                    0x10
  .vregs             uninit   0x000000   0x10  vregs.o [4]
                            - 0x000010   0x10

"P2":                                     0xa
  P2-1                        0x000010    0xa  <Init block>
    .near.data       inited   0x000010    0x3  main.o [1]
    .near.bss        inited   0x000013    0x2  hal_uart.o [1]
    .near.bss        inited   0x000015    0x1  main.o [1]
    .near.bss        inited   0x000016    0x1  main.o [1]
    .near.bss        inited   0x000017    0x1  main.o [1]
    .near.bss        inited   0x000018    0x1  main.o [1]
    .near.bss        inited   0x000019    0x1  main.o [1]
                            - 0x00001a    0xa

"A1":                                   0x100
  CSTACK                      0x001700  0x100  <Block>
    CSTACK           uninit   0x001700  0x100  <Block tail>
                            - 0x001800  0x100

"A2":                                    0x80
  INTVEC                      0x008000   0x80  <Block>
    .intvec          const    0x008000   0x80  interrupt.o [4]
                            - 0x008080   0x80

"P3":                                   0x99a
  .near_func.text    ro code  0x008080  0x100  main.o [1]
  .near_func.text    ro code  0x008180   0xde  vreg_util.o [4]
  .near_func.text    ro code  0x00825e   0xcf  stm8l15x_usart.o [1]
  .near_func.text    ro code  0x00832d   0x95  hal_uart.o [1]
  .near_func.text    ro code  0x0083c2   0x91  stm8l15x_clk.o [1]
  .near_func.text    ro code  0x008453   0x8e  stm8l15x_clk.o [1]
  .near_func.text    ro code  0x0084e1   0x8e  stm8l15x_gpio.o [1]
  .near_func.text    ro code  0x00856f   0x70  long.o [4]
  .near_func.text    ro code  0x0085df   0x62  hal_uart.o [1]
  .near_func.text    ro code  0x008641   0x44  crc.o [1]
  .near_func.text    ro code  0x008685   0x41  stm8l15x_clk.o [1]
  .near_func.text    ro code  0x0086c6   0x3a  hal_uart.o [1]
  .near_func.text    ro code  0x008700   0x3a  hal_uart.o [1]
  .near_func.text    ro code  0x00873a   0x3a  hal_uart.o [1]
  .near_func.text    ro code  0x008774   0x35  stm8l15x_usart.o [1]
  .near_func.text    ro code  0x0087a9   0x33  main.o [1]
  .near_func.text    ro code  0x0087dc   0x2b  stm8l15x_usart.o [1]
  .near_func.text    ro code  0x008807   0x28  init_small.o [4]
  .iar.init_table    const    0x00882f    0xa  - Linker created -
  .near_func.text    ro code  0x008839   0x1c  long_util.o [4]
  .near_func.text    ro code  0x008855   0x1b  stm8l15x_it.o [1]
  .near.rodata       const    0x008870   0x1a  main.o [1]
  .near_func.text    ro code  0x00888a   0x1a  stm8l15x_tim4.o [1]
  .near_func.text    ro code  0x0088a4   0x14  init.o [4]
  .near_func.text    ro code  0x0088b8   0x14  __dbg_xxexit.o [3]
  .near.rodata       const    0x0088cc   0x13  main.o [1]
  .near_func.text    ro code  0x0088df   0x13  stm8l15x_clk.o [1]
  .near_func.text    ro code  0x0088f2   0x13  stm8l15x_clk.o [1]
  .near_func.text    ro code  0x008905   0x13  cstartup.o [4]
  .near.rodata       const    0x008918   0x12  main.o [1]
  .near_func.text    ro code  0x00892a   0x12  main.o [1]
  .near_func.text    ro code  0x00893c   0x11  stm8l15x_tim4.o [1]
  .near_func.text    ro code  0x00894d    0xe  stm8l15x_clk.o [1]
  .near_func.text    ro code  0x00895b    0xe  stm8l15x_tim4.o [1]
  .near_func.text    ro code  0x008969    0xd  short.o [4]
  .near_func.text    ro code  0x008976    0xd  dc_util.o [4]
  .near_func.text    ro code  0x008983    0xb  main.o [1]
  .near_func.text    ro code  0x00898e    0xa  main.o [1]
  Initializer bytes  const    0x008998    0xa  <for P2-1>
  .near_func.text    ro code  0x0089a2    0x9  stm8l15x_tim4.o [1]
  .near_func.text    ro code  0x0089ab    0x9  stm8l15x_tim4.o [1]
  .near_func.text    ro code  0x0089b4    0x7  stm8l15x_gpio.o [1]
  .near_func.text    ro code  0x0089bb    0x6  stm8l15x_usart.o [1]
  .near.rodata       const    0x0089c1    0x5  main.o [1]
  .near.rodata       const    0x0089c6    0x5  main.o [1]
  .near.rodata       const    0x0089cb    0x5  main.o [1]
  .near.rodata       const    0x0089d0    0x5  main.o [1]
  .near.rodata       const    0x0089d5    0x5  main.o [1]
  .near.rodata       const    0x0089da    0x5  stm8l15x_clk.o [1]
  .near_func.text    ro code  0x0089df    0x5  cexit.o [4]
  .near_func.text    ro code  0x0089e4    0x4  stm8l15x_clk.o [1]
  .near_func.text    ro code  0x0089e8    0x4  stm8l15x_clk.o [1]
  .near_func.text    ro code  0x0089ec    0x4  stm8l15x_clk.o [1]
  .near_func.text    ro code  0x0089f0    0x3  interrupt.o [4]
  .near_func.text    ro code  0x0089f3    0x3  low_level_init.o [4]
  .near_func.text    ro code  0x0089f6    0x3  exit.o [4]
  .near_func.text    ro code  0x0089f9    0x3  unhandled_exception.o [4]
  .near_func.text    ro code  0x0089fc    0x1  stm8l15x_it.o [1]
  .near_func.text    ro code  0x0089fd    0x1  stm8l15x_it.o [1]
  .near_func.text    ro code  0x0089fe    0x1  stm8l15x_it.o [1]
  .near_func.text    ro code  0x0089ff    0x1  stm8l15x_it.o [1]
  .near_func.text    ro code  0x008a00    0x1  stm8l15x_it.o [1]
  .near_func.text    ro code  0x008a01    0x1  stm8l15x_it.o [1]
  .near_func.text    ro code  0x008a02    0x1  stm8l15x_it.o [1]
  .near_func.text    ro code  0x008a03    0x1  stm8l15x_it.o [1]
  .near_func.text    ro code  0x008a04    0x1  stm8l15x_it.o [1]
  .near_func.text    ro code  0x008a05    0x1  stm8l15x_it.o [1]
  .near_func.text    ro code  0x008a06    0x1  stm8l15x_it.o [1]
  .near_func.text    ro code  0x008a07    0x1  stm8l15x_it.o [1]
  .near_func.text    ro code  0x008a08    0x1  stm8l15x_it.o [1]
  .near_func.text    ro code  0x008a09    0x1  stm8l15x_it.o [1]
  .near_func.text    ro code  0x008a0a    0x1  stm8l15x_it.o [1]
  .near_func.text    ro code  0x008a0b    0x1  stm8l15x_it.o [1]
  .near_func.text    ro code  0x008a0c    0x1  stm8l15x_it.o [1]
  .near_func.text    ro code  0x008a0d    0x1  stm8l15x_it.o [1]
  .near_func.text    ro code  0x008a0e    0x1  stm8l15x_it.o [1]
  .near_func.text    ro code  0x008a0f    0x1  stm8l15x_it.o [1]
  .near_func.text    ro code  0x008a10    0x1  stm8l15x_it.o [1]
  .near_func.text    ro code  0x008a11    0x1  stm8l15x_it.o [1]
  .near_func.text    ro code  0x008a12    0x1  stm8l15x_it.o [1]
  .near_func.text    ro code  0x008a13    0x1  stm8l15x_it.o [1]
  .near_func.text    ro code  0x008a14    0x1  stm8l15x_it.o [1]
  .near_func.text    ro code  0x008a15    0x1  stm8l15x_it.o [1]
  .near_func.text    ro code  0x008a16    0x1  stm8l15x_it.o [1]
  .near_func.text    ro code  0x008a17    0x1  stm8l15x_it.o [1]
  .near_func.text    ro code  0x008a18    0x1  stm8l15x_it.o [1]
  .near_func.text    ro code  0x008a19    0x1  __dbg_break.o [3]
                            - 0x008a1a  0x99a


*******************************************************************************
*** INIT TABLE
***

          Address   Size
          -------   ----
Copy (__iar_copy_init2)
    1 source range, total size 0xa:
          0x008998   0xa
    1 destination range, total size 0xa:
          0x000010   0xa



*******************************************************************************
*** MODULE SUMMARY
***

    Module                 ro code  ro data  rw data
    ------                 -------  -------  -------
G:\Darren\MCU\STM8\Software\Project\Demo(STM8L15x)\Debug\Obj: [1]
    crc.o                       68
    hal_uart.o                 421        2        2
    main.o                     346       96        8
    stm8l15x_clk.o             416        5
    stm8l15x_gpio.o            149
    stm8l15x_it.o               56
    stm8l15x_tim4.o             75
    stm8l15x_usart.o           309
    ------------------------------------------------
    Total:                   1 840      103       10

command line: [2]
    ------------------------------------------------
    Total:

dbgstm8smd.a: [3]
    __dbg_break.o                1
    __dbg_xxexit.o              20
    ------------------------------------------------
    Total:                      21

dlstm8smn.a: [4]
    cexit.o                      5
    cstartup.o                  19
    dc_util.o                   13
    exit.o                       3
    init.o                      20
    init_small.o                40
    interrupt.o                  3      128
    long.o                     112
    long_util.o                 28
    low_level_init.o             3
    short.o                     13
    unhandled_exception.o        3
    vreg_util.o                222
    vregs.o                                       16
    ------------------------------------------------
    Total:                     484      128       16

    Linker created                       10      256
----------------------------------------------------
    Grand Total:             2 345      241      282


*******************************************************************************
*** ENTRY LIST
***

Entry                    Address   Size  Type      Object
-----                    -------   ----  ----      ------
.iar.init_table$$Base   0x00882f          --   Gb  - Linker created -
.iar.init_table$$Limit  0x008839          --   Gb  - Linker created -
?b0                     0x000000         Data  Gb  vregs.o [4]
?b1                     0x000001         Data  Gb  vregs.o [4]
?b10                    0x00000a         Data  Gb  vregs.o [4]
?b11                    0x00000b         Data  Gb  vregs.o [4]
?b12                    0x00000c         Data  Gb  vregs.o [4]
?b13                    0x00000d         Data  Gb  vregs.o [4]
?b14                    0x00000e         Data  Gb  vregs.o [4]
?b15                    0x00000f         Data  Gb  vregs.o [4]
?b2                     0x000002         Data  Gb  vregs.o [4]
?b3                     0x000003         Data  Gb  vregs.o [4]
?b4                     0x000004         Data  Gb  vregs.o [4]
?b5                     0x000005         Data  Gb  vregs.o [4]
?b6                     0x000006         Data  Gb  vregs.o [4]
?b7                     0x000007         Data  Gb  vregs.o [4]
?b8                     0x000008         Data  Gb  vregs.o [4]
?b9                     0x000009         Data  Gb  vregs.o [4]
?dc32_l1                0x008976         Code  Gb  dc_util.o [4]
?e0                     0x000001         Data  Gb  vregs.o [4]
?e1                     0x000005         Data  Gb  vregs.o [4]
?e2                     0x000009         Data  Gb  vregs.o [4]
?e3                     0x00000d         Data  Gb  vregs.o [4]
?epilogue_l2            0x00821b         Code  Gb  vreg_util.o [4]
?epilogue_l2_l3         0x008218         Code  Gb  vreg_util.o [4]
?epilogue_w4            0x00821f         Code  Gb  vreg_util.o [4]
?l0                     0x000000         Data  Gb  vregs.o [4]
?l1                     0x000004         Data  Gb  vregs.o [4]
?l2                     0x000008         Data  Gb  vregs.o [4]
?l3                     0x00000c         Data  Gb  vregs.o [4]
?load32_l1_0x           0x008849         Code  Gb  long_util.o [4]
?load32_l1_asp          0x00883e         Code  Gb  long_util.o [4]
?load32_l1_dbsp         0x008839         Code  Gb  long_util.o [4]
?load32_l1_xsp          0x008840         Code  Gb  long_util.o [4]
?mov_e0_e2              0x00822d         Code  Gb  vreg_util.o [4]
?mov_e0_e3              0x00823a         Code  Gb  vreg_util.o [4]
?mov_e2_e0              0x008247         Code  Gb  vreg_util.o [4]
?mov_e3_e0              0x008254         Code  Gb  vreg_util.o [4]
?mov_l0_l2              0x00822a         Code  Gb  vreg_util.o [4]
?mov_l0_l3              0x008237         Code  Gb  vreg_util.o [4]
?mov_l2_l0              0x008244         Code  Gb  vreg_util.o [4]
?mov_l3_l0              0x008251         Code  Gb  vreg_util.o [4]
?mov_w1_w5              0x008230         Code  Gb  vreg_util.o [4]
?mov_w1_w7              0x00823d         Code  Gb  vreg_util.o [4]
?mov_w4_w5              0x008223         Code  Gb  vreg_util.o [4]
?mov_w5_w1              0x00824a         Code  Gb  vreg_util.o [4]
?mov_w7_w1              0x008257         Code  Gb  vreg_util.o [4]
?pop_l0                 0x0081e4         Code  Gb  vreg_util.o [4]
?pop_l1                 0x0081ef         Code  Gb  vreg_util.o [4]
?pop_l2                 0x0081fa         Code  Gb  vreg_util.o [4]
?pop_l3                 0x008205         Code  Gb  vreg_util.o [4]
?pop_w4                 0x00819d         Code  Gb  vreg_util.o [4]
?pop_w7                 0x0081a4         Code  Gb  vreg_util.o [4]
?push_l0                0x0081b3         Code  Gb  vreg_util.o [4]
?push_l1                0x0081b8         Code  Gb  vreg_util.o [4]
?push_l2                0x0081bd         Code  Gb  vreg_util.o [4]
?push_l3                0x0081c2         Code  Gb  vreg_util.o [4]
?push_w4                0x008180         Code  Gb  vreg_util.o [4]
?push_w7                0x008185         Code  Gb  vreg_util.o [4]
?sll16_x_x_a            0x008969         Code  Gb  short.o [4]
?srl16_x_x_4            0x008971         Code  Gb  short.o [4]
?udiv32_l0_l0_dl        0x00856f         Code  Gb  long.o [4]
?udiv32_l0_l0_l1        0x008572         Code  Gb  long.o [4]
?umod32_l1_l0_l1        0x008572         Code  Gb  long.o [4]
?w0                     0x000000         Data  Gb  vregs.o [4]
?w1                     0x000002         Data  Gb  vregs.o [4]
?w2                     0x000004         Data  Gb  vregs.o [4]
?w3                     0x000006         Data  Gb  vregs.o [4]
?w4                     0x000008         Data  Gb  vregs.o [4]
?w5                     0x00000a         Data  Gb  vregs.o [4]
?w6                     0x00000c         Data  Gb  vregs.o [4]
?w7                     0x00000e         Data  Gb  vregs.o [4]
ADC1_COMP_IRQHandler    0x008a0e    0x1  Code  Gb  stm8l15x_it.o [1]
CLK_ClockSwitchCmd      0x00894d    0xe  Code  Gb  stm8l15x_clk.o [1]
CLK_DeInit              0x008685   0x41  Code  Gb  stm8l15x_clk.o [1]
CLK_GetClockFreq        0x0083c2   0x91  Code  Gb  stm8l15x_clk.o [1]
CLK_GetSYSCLKSource     0x0089e8    0x4  Code  Gb  stm8l15x_clk.o [1]
CLK_HSEConfig           0x0088df   0x13  Code  Gb  stm8l15x_clk.o [1]
CLK_LSEConfig           0x0088f2   0x13  Code  Gb  stm8l15x_clk.o [1]
CLK_PeripheralClockConfig
                        0x008453   0x8e  Code  Gb  stm8l15x_clk.o [1]
CLK_SYSCLKDivConfig     0x0089ec    0x4  Code  Gb  stm8l15x_clk.o [1]
CLK_SYSCLKSourceConfig  0x0089e4    0x4  Code  Gb  stm8l15x_clk.o [1]
CSTACK$$Base            0x001700          --   Gb  - Linker created -
CSTACK$$Limit           0x001800          --   Gb  - Linker created -
DMA1_CHANNEL0_1_IRQHandler
                        0x0089fe    0x1  Code  Gb  stm8l15x_it.o [1]
DMA1_CHANNEL2_3_IRQHandler
                        0x0089ff    0x1  Code  Gb  stm8l15x_it.o [1]
Dec2String              0x008641   0x44  Code  Gb  crc.o [1]
EXTI0_IRQHandler        0x008a04    0x1  Code  Gb  stm8l15x_it.o [1]
EXTI1_IRQHandler        0x008a05    0x1  Code  Gb  stm8l15x_it.o [1]
EXTI2_IRQHandler        0x008a06    0x1  Code  Gb  stm8l15x_it.o [1]
EXTI3_IRQHandler        0x008a07    0x1  Code  Gb  stm8l15x_it.o [1]
EXTI4_IRQHandler        0x008a08    0x1  Code  Gb  stm8l15x_it.o [1]
EXTI5_IRQHandler        0x008a09    0x1  Code  Gb  stm8l15x_it.o [1]
EXTI6_IRQHandler        0x008a0a    0x1  Code  Gb  stm8l15x_it.o [1]
EXTI7_IRQHandler        0x008a0b    0x1  Code  Gb  stm8l15x_it.o [1]
EXTIB_G_IRQHandler      0x008a02    0x1  Code  Gb  stm8l15x_it.o [1]
EXTID_H_IRQHandler      0x008a03    0x1  Code  Gb  stm8l15x_it.o [1]
EXTIE_F_PVD_IRQHandler  0x008a01    0x1  Code  Gb  stm8l15x_it.o [1]
FLASH_IRQHandler        0x0089fd    0x1  Code  Gb  stm8l15x_it.o [1]
GPIO_Init               0x0084e1   0x8e  Code  Gb  stm8l15x_gpio.o [1]
GPIO_WriteReverse       0x0089b4    0x7  Code  Gb  stm8l15x_gpio.o [1]
I2C1_SPI2_IRQHandler    0x008a18    0x1  Code  Gb  stm8l15x_it.o [1]
INTVEC$$Base            0x008000          --   Gb  - Linker created -
INTVEC$$Limit           0x008080          --   Gb  - Linker created -
LCD_AES_IRQHandler      0x008a0c    0x1  Code  Gb  stm8l15x_it.o [1]
RTC_CSSLSE_IRQHandler   0x008a00    0x1  Code  Gb  stm8l15x_it.o [1]
Region$$Table$$Base     0x00882f          --   Gb  - Linker created -
Region$$Table$$Limit    0x008839          --   Gb  - Linker created -
SPI1_IRQHandler         0x008a15    0x1  Code  Gb  stm8l15x_it.o [1]
SWITCH_CSS_BREAK_DAC_IRQHandler
                        0x008a0d    0x1  Code  Gb  stm8l15x_it.o [1]
SYSDivFactor            0x0089da    0x5  Data  Gb  stm8l15x_clk.o [1]
SystemInit              0x008080  0x100  Code  Gb  main.o [1]
TIM1_CC_IRQHandler      0x008a14    0x1  Code  Gb  stm8l15x_it.o [1]
TIM1_UPD_OVF_TRG_COM_IRQHandler
                        0x008a13    0x1  Code  Gb  stm8l15x_it.o [1]
TIM2_CC_USART2_RX_IRQHandler
                        0x008a10    0x1  Code  Gb  stm8l15x_it.o [1]
TIM2_UPD_OVF_TRG_BRK_USART2_TX_IRQHandler
                        0x008a0f    0x1  Code  Gb  stm8l15x_it.o [1]
TIM3_CC_USART3_RX_IRQHandler
                        0x008a12    0x1  Code  Gb  stm8l15x_it.o [1]
TIM3_UPD_OVF_TRG_BRK_USART3_TX_IRQHandler
                        0x008a11    0x1  Code  Gb  stm8l15x_it.o [1]
TIM4_ClearFlag          0x0089a2    0x9  Code  Gb  stm8l15x_tim4.o [1]
TIM4_ClearITPendingBit  0x0089ab    0x9  Code  Gb  stm8l15x_tim4.o [1]
TIM4_Cmd                0x00895b    0xe  Code  Gb  stm8l15x_tim4.o [1]
TIM4_ITConfig           0x00888a   0x1a  Code  Gb  stm8l15x_tim4.o [1]
TIM4_TimeBaseInit       0x00893c   0x11  Code  Gb  stm8l15x_tim4.o [1]
TIM4_UPD_OVF_TRG_IRQHandler
                        0x008855   0x1b  Code  Gb  stm8l15x_it.o [1]
TIme4_CallBack          0x0087a9   0x33  Code  Gb  main.o [1]
TRAP_IRQHandler         0x0089fc    0x1  Code  Gb  stm8l15x_it.o [1]
UART_Timeout            0x000013    0x2  Data  Gb  hal_uart.o [1]
USART1_RX_TIM5_CC_IRQHandler
                        0x008a17    0x1  Code  Gb  stm8l15x_it.o [1]
USART1_SendByte         0x0086c6   0x3a  Code  Gb  hal_uart.o [1]
USART1_TX_TIM5_UPD_OVF_TRG_BRK_IRQHandler
                        0x008a16    0x1  Code  Gb  stm8l15x_it.o [1]
USART2_SendByte         0x008700   0x3a  Code  Gb  hal_uart.o [1]
USART3_SendByte         0x00873a   0x3a  Code  Gb  hal_uart.o [1]
USART_Cmd               0x0087dc   0x2b  Code  Gb  stm8l15x_usart.o [1]
USART_GetFlagStatus     0x008774   0x35  Code  Gb  stm8l15x_usart.o [1]
USART_Init              0x00825e   0xcf  Code  Gb  stm8l15x_usart.o [1]
USART_SendData8         0x0089bb    0x6  Code  Gb  stm8l15x_usart.o [1]
__DebugBreak            0x008a19    0x1  Code  Gb  __dbg_break.o [3]
__exit                  0x0088b8   0x14  Code  Gb  __dbg_xxexit.o [3]
__iar_copy_init2        0x008807         Code  Gb  init_small.o [4]
__iar_data_init2        0x0088a4   0x14  Code  Gb  init.o [4]
__iar_program_start     0x008905         Code  Gb  cstartup.o [4]
__iar_unhandled_exception
                        0x0089f9         Code  Gb  unhandled_exception.o [4]
__intvec                0x008000         Data  Gb  interrupt.o [4]
__low_level_init        0x0089f3    0x3  Code  Gb  low_level_init.o [4]
_exit                   0x0089df         Code  Gb  cexit.o [4]
_interrupt_1            0x0089fc         Code  Gb  stm8l15x_it.o [1]
_interrupt_10           0x008a04         Code  Gb  stm8l15x_it.o [1]
_interrupt_11           0x008a05         Code  Gb  stm8l15x_it.o [1]
_interrupt_12           0x008a06         Code  Gb  stm8l15x_it.o [1]
_interrupt_13           0x008a07         Code  Gb  stm8l15x_it.o [1]
_interrupt_14           0x008a08         Code  Gb  stm8l15x_it.o [1]
_interrupt_15           0x008a09         Code  Gb  stm8l15x_it.o [1]
_interrupt_16           0x008a0a         Code  Gb  stm8l15x_it.o [1]
_interrupt_17           0x008a0b         Code  Gb  stm8l15x_it.o [1]
_interrupt_18           0x008a0c         Code  Gb  stm8l15x_it.o [1]
_interrupt_19           0x008a0d         Code  Gb  stm8l15x_it.o [1]
_interrupt_20           0x008a0e         Code  Gb  stm8l15x_it.o [1]
_interrupt_21           0x008a0f         Code  Gb  stm8l15x_it.o [1]
_interrupt_22           0x008a10         Code  Gb  stm8l15x_it.o [1]
_interrupt_23           0x008a11         Code  Gb  stm8l15x_it.o [1]
_interrupt_24           0x008a12         Code  Gb  stm8l15x_it.o [1]
_interrupt_25           0x008a13         Code  Gb  stm8l15x_it.o [1]
_interrupt_26           0x008a14         Code  Gb  stm8l15x_it.o [1]
_interrupt_27           0x008855         Code  Gb  stm8l15x_it.o [1]
_interrupt_28           0x008a15         Code  Gb  stm8l15x_it.o [1]
_interrupt_29           0x008a16         Code  Gb  stm8l15x_it.o [1]
_interrupt_3            0x0089fd         Code  Gb  stm8l15x_it.o [1]
_interrupt_30           0x008a17         Code  Gb  stm8l15x_it.o [1]
_interrupt_31           0x008a18         Code  Gb  stm8l15x_it.o [1]
_interrupt_4            0x0089fe         Code  Gb  stm8l15x_it.o [1]
_interrupt_5            0x0089ff         Code  Gb  stm8l15x_it.o [1]
_interrupt_6            0x008a00         Code  Gb  stm8l15x_it.o [1]
_interrupt_7            0x008a01         Code  Gb  stm8l15x_it.o [1]
_interrupt_8            0x008a02         Code  Gb  stm8l15x_it.o [1]
_interrupt_9            0x008a03         Code  Gb  stm8l15x_it.o [1]
exit                    0x0089f6    0x3  Code  Gb  exit.o [4]
main                    0x008983    0xb  Code  Gb  main.o [1]
sysclock                0x000018    0x1  Data  Gb  main.o [1]
sysclockType            0x000019    0x1  Data  Gb  main.o [1]
sysclock_string         0x000010    0x3  Data  Gb  main.o [1]
systick1                0x000016    0x1  Data  Gb  main.o [1]
systick2                0x000017    0x1  Data  Gb  main.o [1]
task_key                0x00898e    0xa  Code  Gb  main.o [1]
task_test_blink         0x00892a   0x12  Code  Gb  main.o [1]
tasks_ready             0x000015    0x1  Data  Gb  main.o [1]
uart_cfg                0x00832d   0x95  Code  Gb  hal_uart.o [1]
uart_printf             0x0085df   0x62  Code  Gb  hal_uart.o [1]


[1] = G:\Darren\MCU\STM8\Software\Project\Demo(STM8L15x)\Debug\Obj
[2] = command line
[3] = dbgstm8smd.a
[4] = dlstm8smn.a

  2 345 bytes of readonly  code memory
    241 bytes of readonly  data memory
    282 bytes of readwrite data memory

Errors: none
Warnings: none
